
========== 问题二 Seed 66 开始 ==========
正在构造满足绿色限行政策的初始解...
初始解构造进度：30/237，当前车辆数=30，车型使用={'fuel_3000': 0, 'fuel_1500': 30, 'fuel_1250': 0, 'ev_3000': 0, 'ev_1250': 0}
初始解构造进度：60/237，当前车辆数=55，车型使用={'fuel_3000': 5, 'fuel_1500': 50, 'fuel_1250': 0, 'ev_3000': 0, 'ev_1250': 0}
初始解构造进度：90/237，当前车辆数=70，车型使用={'fuel_3000': 18, 'fuel_1500': 50, 'fuel_1250': 0, 'ev_3000': 2, 'ev_1250': 0}
初始解构造进度：120/237，当前车辆数=85，车型使用={'fuel_3000': 32, 'fuel_1500': 50, 'fuel_1250': 0, 'ev_3000': 3, 'ev_1250': 0}
初始解构造进度：150/237，当前车辆数=100，车型使用={'fuel_3000': 46, 'fuel_1500': 50, 'fuel_1250': 0, 'ev_3000': 4, 'ev_1250': 0}
初始解构造进度：180/237，当前车辆数=124，车型使用={'fuel_3000': 51, 'fuel_1500': 50, 'fuel_1250': 7, 'ev_3000': 5, 'ev_1250': 11}
初始解构造进度：210/237，当前车辆数=154，车型使用={'fuel_3000': 51, 'fuel_1500': 50, 'fuel_1250': 33, 'ev_3000': 5, 'ev_1250': 15}
初始解构造进度：237/237，当前车辆数=160，车型使用={'fuel_3000': 51, 'fuel_1500': 50, 'fuel_1250': 39, 'ev_3000': 5, 'ev_1250': 15}
========== 初始解车型使用检查 ==========
车型使用： {'fuel_3000': 51, 'fuel_1500': 50, 'fuel_1250': 39, 'ev_3000': 5, 'ev_1250': 15}
车型上限： {'fuel_3000': 60, 'fuel_1500': 50, 'fuel_1250': 50, 'ev_3000': 10, 'ev_1250': 15}
初始解是否可行： True
初始解车型数量可行： True
初始解总成本： 133612.61621955442
初始车辆数： 160
正在进行问题二 ALNS 优化...
Seed 66 完成。
车辆数： 141
总成本： 120037.28429182689
是否有效： True
